NOMA安全传输 - 补充实验实现
================================================================================
请选择运行模式：
1. 单次演示（快速验证环境）
2. 快速实验（减少轮数，快速查看趋势）
3. 完整实验（按照文档要求，耗时较长）
================================================================================

运行快速实验...
运行实验一：窃听者强度变化实验（快速演示版）
================================================================================
实验一：窃听者强度变化实验
================================================================================

========================================
窃听者强度系数: 0.5
========================================

随机种子: 42
训练 DDPG with Jammer...
开始训练 DDPG...
Episode 200/500, Eval Reward: 2.7175, Secrecy: 3.0751
Episode 400/500, Eval Reward: 2.3470, Secrecy: 3.3206
DDPG 训练完成!

评估 DDPG...

评估 Random...

评估 Equal...

评估 Heuristic...

评估 PSO...

评估 GridSearch...
训练 DDPG without Jammer...
开始训练 DDPG_wo_Jammer...
Episode 200/500, Eval Reward: 1.7326, Secrecy: 2.0698
Episode 400/500, Eval Reward: 1.5388, Secrecy: 2.2224
DDPG_wo_Jammer 训练完成!

评估 DDPG_wo_Jammer...

评估 Random...

评估 Equal...

评估 Heuristic...

评估 PSO...

评估 GridSearch...

评估 Random...

评估 Equal...

评估 Heuristic...

评估 PSO...

评估 GridSearch...

========================================
窃听者强度系数: 0.75
========================================

随机种子: 42
训练 DDPG with Jammer...
开始训练 DDPG...
Episode 200/500, Eval Reward: 2.5811, Secrecy: 2.9102
Episode 400/500, Eval Reward: 2.1855, Secrecy: 3.1886
DDPG 训练完成!

评估 DDPG...

评估 Random...

评估 Equal...

评估 Heuristic...

评估 PSO...

评估 GridSearch...
训练 DDPG without Jammer...
开始训练 DDPG_wo_Jammer...
Episode 200/500, Eval Reward: 1.1086, Secrecy: 1.9679
Episode 400/500, Eval Reward: 1.6930, Secrecy: 2.1060
DDPG_wo_Jammer 训练完成!

评估 DDPG_wo_Jammer...

评估 Random...

评估 Equal...

评估 Heuristic...

评估 PSO...

评估 GridSearch...

评估 Random...

评估 Equal...

评估 Heuristic...

评估 PSO...

评估 GridSearch...

========================================
窃听者强度系数: 1.0
========================================

随机种子: 42
训练 DDPG with Jammer...
开始训练 DDPG...
Episode 200/500, Eval Reward: 2.3845, Secrecy: 2.8223
Episode 400/500, Eval Reward: 2.4681, Secrecy: 3.0564
DDPG 训练完成!

评估 DDPG...

评估 Random...

评估 Equal...

评估 Heuristic...

评估 PSO...

评估 GridSearch...
训练 DDPG without Jammer...
开始训练 DDPG_wo_Jammer...
Episode 200/500, Eval Reward: 1.6606, Secrecy: 1.8756
Episode 400/500, Eval Reward: 1.4718, Secrecy: 2.0162
DDPG_wo_Jammer 训练完成!

评估 DDPG_wo_Jammer...

评估 Random...

评估 Equal...

评估 Heuristic...

评估 PSO...

评估 GridSearch...

评估 Random...

评估 Equal...

评估 Heuristic...

评估 PSO...

评估 GridSearch...

========================================
窃听者强度系数: 1.25
========================================

随机种子: 42
训练 DDPG with Jammer...
开始训练 DDPG...
Episode 200/500, Eval Reward: 2.2565, Secrecy: 2.7354
Episode 400/500, Eval Reward: 2.0909, Secrecy: 3.0073
DDPG 训练完成!

评估 DDPG...

评估 Random...

评估 Equal...

评估 Heuristic...

评估 PSO...

评估 GridSearch...
训练 DDPG without Jammer...
开始训练 DDPG_wo_Jammer...
Episode 200/500, Eval Reward: 1.5197, Secrecy: 1.8511
Episode 400/500, Eval Reward: 1.2785, Secrecy: 1.9146
DDPG_wo_Jammer 训练完成!

评估 DDPG_wo_Jammer...

评估 Random...

评估 Equal...

评估 Heuristic...

评估 PSO...

评估 GridSearch...

评估 Random...

评估 Equal...

评估 Heuristic...

评估 PSO...

评估 GridSearch...

========================================
窃听者强度系数: 1.5
========================================

随机种子: 42
训练 DDPG with Jammer...
开始训练 DDPG...
Episode 200/500, Eval Reward: 2.2273, Secrecy: 2.5315
Episode 400/500, Eval Reward: 1.9813, Secrecy: 2.8118
DDPG 训练完成!

评估 DDPG...

评估 Random...

评估 Equal...

评估 Heuristic...

评估 PSO...

评估 GridSearch...
训练 DDPG without Jammer...
开始训练 DDPG_wo_Jammer...
Episode 200/500, Eval Reward: 1.4565, Secrecy: 1.8580
Episode 400/500, Eval Reward: 1.4115, Secrecy: 1.9328
DDPG_wo_Jammer 训练完成!

评估 DDPG_wo_Jammer...

评估 Random...

评估 Equal...

评估 Heuristic...

评估 PSO...

评估 GridSearch...

评估 Random...

评估 Equal...

评估 Heuristic...

评估 PSO...

评估 GridSearch...

========================================
窃听者强度系数: 2.0
========================================

随机种子: 42
训练 DDPG with Jammer...
开始训练 DDPG...
Episode 200/500, Eval Reward: 2.0862, Secrecy: 2.4842
Episode 400/500, Eval Reward: 1.8238, Secrecy: 2.7796
DDPG 训练完成!

评估 DDPG...

评估 Random...

评估 Equal...

评估 Heuristic...

评估 PSO...

评估 GridSearch...
训练 DDPG without Jammer...
开始训练 DDPG_wo_Jammer...
Episode 200/500, Eval Reward: 1.3832, Secrecy: 1.7694
Episode 400/500, Eval Reward: 1.3240, Secrecy: 1.7896
DDPG_wo_Jammer 训练完成!

评估 DDPG_wo_Jammer...

评估 Random...

评估 Equal...

评估 Heuristic...

评估 PSO...

评估 GridSearch...

评估 Random...

评估 Equal...

评估 Heuristic...

评估 PSO...

评估 GridSearch...

========================================
窃听者强度系数: 3.0
========================================

随机种子: 42
训练 DDPG with Jammer...
开始训练 DDPG...
Episode 200/500, Eval Reward: 1.9768, Secrecy: 2.2495
Episode 400/500, Eval Reward: 1.8905, Secrecy: 2.5633
DDPG 训练完成!

评估 DDPG...

评估 Random...

评估 Equal...

评估 Heuristic...

评估 PSO...

评估 GridSearch...
训练 DDPG without Jammer...
开始训练 DDPG_wo_Jammer...
Episode 200/500, Eval Reward: 1.4576, Secrecy: 1.8161
Episode 400/500, Eval Reward: 1.2609, Secrecy: 1.7660
DDPG_wo_Jammer 训练完成!

评估 DDPG_wo_Jammer...

评估 Random...

评估 Equal...

评估 Heuristic...

评估 PSO...

评估 GridSearch...

评估 Random...

评估 Equal...

评估 Heuristic...

评估 PSO...

评估 GridSearch...
实验一结果图已保存至: experiment1_quick.png
实验一结果已保存至: experiment1_quick.json
运行实验二：用户数量扩展实验（快速演示版）
================================================================================
实验二：用户数量扩展实验
================================================================================

========================================
用户数量: 2
========================================

随机种子: 42
状态维度: 9, 动作维度: 3
训练 DDPG for 2 users...
开始训练 DDPG_M2...
Episode 200/500, Eval Reward: 2.3845, Secrecy: 2.8223
Episode 400/500, Eval Reward: 2.4681, Secrecy: 3.0564
DDPG_M2 训练完成!

评估 DDPG...

评估 Random...

评估 Equal...

评估 Heuristic...

评估 PSO...

评估 GridSearch...

评估 Random...

评估 Equal...

评估 Heuristic...

评估 PSO...

评估 GridSearch...

========================================
用户数量: 3
========================================

随机种子: 42
状态维度: 11, 动作维度: 4
训练 DDPG for 3 users...
开始训练 DDPG_M3...
Episode 200/500, Eval Reward: 1.8833, Secrecy: 3.8594
Episode 400/500, Eval Reward: 0.4592, Secrecy: 3.4968
DDPG_M3 训练完成!

评估 DDPG...

评估 Random...

评估 Equal...

评估 Heuristic...

评估 PSO...

评估 Random...

评估 Equal...

评估 Heuristic...

评估 PSO...

========================================
用户数量: 4
========================================

随机种子: 42
状态维度: 13, 动作维度: 5
训练 DDPG for 4 users...
开始训练 DDPG_M4...
Episode 200/500, Eval Reward: -1.1755, Secrecy: 3.6848
Episode 400/500, Eval Reward: -4.2799, Secrecy: 2.4743
DDPG_M4 训练完成!

评估 DDPG...

评估 Random...

评估 Equal...

评估 Heuristic...

评估 PSO...

评估 Random...

评估 Equal...

评估 Heuristic...

评估 PSO...

========================================
用户数量: 5
========================================

随机种子: 42
状态维度: 15, 动作维度: 6
训练 DDPG for 5 users...
开始训练 DDPG_M5...
Episode 200/500, Eval Reward: -8.5818, Secrecy: 3.4994
Episode 400/500, Eval Reward: -7.6521, Secrecy: 3.0203
DDPG_M5 训练完成!

评估 DDPG...

评估 Random...

评估 Equal...

评估 Heuristic...

评估 PSO...

评估 Random...

评估 Equal...

评估 Heuristic...

评估 PSO...
实验二结果图已保存至: experiment2_quick.png
实验二结果已保存至: experiment2_quick.json
