运行实验二：用户数量扩展实验（快速演示版）
================================================================================
实验二：用户数量扩展实验
================================================================================

========================================
用户数量: 2
========================================

随机种子: 42
状态维度: 9, 动作维度: 3
训练 DDPG for 2 users...
开始训练 DDPG_M2...
Episode 200/500, Eval Reward: 2.3845, Secrecy: 2.8223
Episode 400/500, Eval Reward: 2.4681, Secrecy: 3.0564
DDPG_M2 训练完成!

评估 DDPG...

评估 Random...

评估 Equal...

评估 Heuristic...

评估 PSO...

评估 GridSearch...

评估 Random...

评估 Equal...

评估 Heuristic...

评估 PSO...

评估 GridSearch...

========================================
用户数量: 3
========================================

随机种子: 42
状态维度: 11, 动作维度: 4
训练 DDPG for 3 users...
开始训练 DDPG_M3...
Episode 200/500, Eval Reward: 1.8833, Secrecy: 3.8594
Episode 400/500, Eval Reward: 0.4592, Secrecy: 3.4968
DDPG_M3 训练完成!

评估 DDPG...

评估 Random...

评估 Equal...

评估 Heuristic...

评估 PSO...

评估 Random...

评估 Equal...

评估 Heuristic...

评估 PSO...

========================================
用户数量: 4
========================================

随机种子: 42
状态维度: 13, 动作维度: 5
训练 DDPG for 4 users...
开始训练 DDPG_M4...
Episode 200/500, Eval Reward: -1.1755, Secrecy: 3.6848
Episode 400/500, Eval Reward: -4.2799, Secrecy: 2.4743
DDPG_M4 训练完成!

评估 DDPG...

评估 Random...

评估 Equal...

评估 Heuristic...

评估 PSO...

评估 Random...

评估 Equal...

评估 Heuristic...

评估 PSO...

========================================
用户数量: 5
========================================

随机种子: 42
状态维度: 15, 动作维度: 6
训练 DDPG for 5 users...
开始训练 DDPG_M5...
Episode 200/500, Eval Reward: -8.5818, Secrecy: 3.4994
Episode 400/500, Eval Reward: -7.6521, Secrecy: 3.0203
DDPG_M5 训练完成!

评估 DDPG...

评估 Random...

评估 Equal...

评估 Heuristic...

评估 PSO...

评估 Random...

评估 Equal...

评估 Heuristic...

评估 PSO...
实验二结果图已保存至: experiment2_quick.png
实验二结果已保存至: experiment2_quick.json
实验二完成！
